node.exe : 
2026-03-28T17:28:28.756Z 
vite:config bundled 
config file loaded in 
47.14ms
At line:1 char:1
+ & "C:\Program 
Files\nodejs/node.exe" 
"C:\Program 
Files\nodejs/node_mo ...
+ ~~~~~~~~~~~~~~~~~~~~~~~~
~~~~~~~~~~~~~~~~~~~~~~~~~~
~~~~~~~~~~~~~~~~~~~
    + CategoryInfo        
      : NotSpecified: (2  
  026-03-28T17:2...aded   
  in 47.14ms:String) [    
], RemoteException
    + FullyQualifiedError 
   Id : NativeCommandErr  
  or
 
2026-03-28T17:28:28.788Z 
vite:config using 
resolved config: {
  plugins: [
    'vite:build-metadata',
    
'vite:watch-package-data',
    'vite:pre-alias',
    'alias',
    'vite:react-babel',
    'vite:react-refresh',
    'vite:modulepreload-po
lyfill',
    'vite:resolve',
    
'vite:html-inline-proxy',
    'vite:css',
    'vite:esbuild',
    'vite:json',
    'vite:wasm-helper',
    'vite:worker',
    'vite:asset',
    'vite:wasm-fallback',
    'vite:define',
    'vite:css-post',
    'vite:build-html',
    'vite:worker-import-me
ta-url',
    'vite:asset-import-met
a-url',
    'vite:force-systemjs-w
rap-complete',
    'commonjs',
    'vite:data-uri',
    'vite:dynamic-import-v
ars',
    'vite:import-glob',
    'vite:build-import-ana
lysis',
    
'vite:esbuild-transpile',
    'vite:terser',
    'vite:reporter',
    'vite:load-fallback'
  ],
  server: {
    preTransformRequests: 
true,
    port: 3030,
    sourcemapIgnoreList: 
[Function: 
isInNodeModules$1],
    middlewareMode: false,
    fs: {
      strict: true,
      allow: [Array],
      deny: [Array],
      cachedChecks: 
undefined
    }
  },
  build: {
    target: [ 'es2020', 
'edge88', 'firefox78', 
'chrome87', 'safari14' ],
    cssTarget: [ 
'es2020', 'edge88', 
'firefox78', 'chrome87', 
'safari14' ],
    outDir: 'dist',
    assetsDir: 'assets',
    assetsInlineLimit: 
4096,
    cssCodeSplit: true,
    sourcemap: false,
    rollupOptions: { 
onwarn: [Function: 
onwarn] },
    minify: 'esbuild',
    terserOptions: {},
    write: true,
    emptyOutDir: null,
    copyPublicDir: true,
    manifest: false,
    lib: false,
    ssr: false,
    ssrManifest: false,
    ssrEmitAssets: false,
    reportCompressedSize: 
true,
    
chunkSizeWarningLimit: 
500,
    watch: null,
    commonjsOptions: { 
include: [Array], 
extensions: [Array] },
    
dynamicImportVarsOptions: 
{ warnOnError: true, 
exclude: [Array] },
    modulePreload: { 
polyfill: true },
    cssMinify: true
  },
  esbuild: { jsxDev: 
false, jsx: 'automatic', 
jsxImportSource: 
undefined },
  optimizeDeps: {
    holdUntilCrawlEnd: 
true,
    esbuildOptions: { 
preserveSymlinks: false, 
jsx: 'automatic' },
    include: [
      'react',
      'react-dom',
      
'react/jsx-dev-runtime',
      'react/jsx-runtime'
    ]
  },
  resolve: {
    mainFields: [ 
'browser', 'module', 
'jsnext:main', 'jsnext' ],
    conditions: [],
    extensions: [
      '.mjs',  '.js',
      '.mts',  '.ts',
      '.jsx',  '.tsx',
      '.json'
    ],
    dedupe: [ 'react', 
'react-dom' ],
    preserveSymlinks: 
false,
    alias: [ [Object], 
[Object] ]
  },
  configFile: 'C:/Users/us
er/OneDrive/Desktop/Over/c
ampusShare/client/vite.con
fig.js',
  configFileDependencies: 
[
    'C:/Users/user/OneDriv
e/Desktop/Over/campusShare
/client/vite.config.js'
  ],
  inlineConfig: {
    root: undefined,
    base: undefined,
    mode: undefined,
    configFile: undefined,
    logLevel: undefined,
    clearScreen: 
undefined,
    build: {}
  },
  root: 'C:/Users/user/One
Drive/Desktop/Over/campusS
hare/client',
  base: '/',
  decodedBase: '/',
  rawBase: '/',
  publicDir: 'C:/Users/use
r/OneDrive/Desktop/Over/ca
mpusShare/client/public',
  cacheDir: 'C:/Users/user
/OneDrive/Desktop/Over/cam
pusShare/client/node_modul
es/.vite',
  command: 'build',
  mode: 'production',
  ssr: {
    target: 'node',
    optimizeDeps: { 
noDiscovery: true, 
esbuildOptions: [Object] }
  },
  isWorker: false,
  mainConfig: null,
  bundleChain: [],
  isProduction: true,
  css: { lightningcss: 
undefined },
  preview: {
    port: undefined,
[36mvite v5.4.21 [32mbuilding for production...[36m[39m
transforming...
    strictPort: undefined,
    host: undefined,
    allowedHosts: 
undefined,
    https: undefined,
    open: undefined,
    proxy: undefined,
    cors: undefined,
    headers: undefined
  },
  envDir: 'C:/Users/user/O
neDrive/Desktop/Over/campu
sShare/client',
  env: { BASE_URL: '/', 
MODE: 'production', DEV: 
false, PROD: true },
  assetsInclude: 
[Function: assetsInclude],
  logger: {
    hasWarned: false,
    info: [Function: 
info],
    warn: [Function: 
warn],
    warnOnce: [Function: 
warnOnce],
    error: [Function: 
error],
    clearScreen: 
[Function: clearScreen],
    hasErrorLogged: 
[Function: hasErrorLogged]
  },
  packageCache: Map(1) {
    'fnpd_C:/Users/user/On
eDrive/Desktop/Over/campus
Share/client' => {
      dir: 'C:/Users/user/
OneDrive/Desktop/Over/camp
usShare/client',
      data: [Object],
      hasSideEffects: 
[Function: 
hasSideEffects],
      webResolvedImports: 
{},
      
nodeResolvedImports: {},
      setResolvedCache: 
[Function: 
setResolvedCache],
      getResolvedCache: 
[Function: 
getResolvedCache]
    },
    set: [Function 
(anonymous)]
  },
  createResolver: 
[Function: 
createResolver],
  worker: { format: 
'iife', plugins: '() => 
plugins', rollupOptions: 
{} },
  appType: 'spa',
  experimental: { importGl
obRestoreExtension: 
false, hmrPartialAccept: 
false },
  webSocketToken: 
'GBlrLg8ePYrs',
  additionalAllowedHosts: 
[],
  getSortedPlugins: 
[Function: 
getSortedPlugins],
  getSortedPluginHooks: 
[Function: 
getSortedPluginHooks]
}
[32mΓ£ô[39m 1409 modules transformed.
[31mx[39m Build failed 
in 1.42s
[31merror during build:
[31msrc/components/common
/Footer.jsx (2:16): "Hub" 
is not exported by "node_m
odules/lucide-react/dist/e
sm/lucide-react.js", 
imported by "src/component
s/common/Footer.jsx".[31m
file: [36mC:/Users/user/O
neDrive/Desktop/Over/campu
sShare/client/src/componen
ts/common/Footer.jsx:2:16
[31m
[33m
1: import React from 
'react'
2: import { Globe, Hub, 
HelpCircle } from 
'lucide-react'
                   ^
3: 
4: const Footer = () => {
[31m
    at getRollupError (fil
e:///C:/Users/user/OneDriv
e/Desktop/Over/campusShare
/client/node_modules/rollu
p/dist/es/shared/parseAst.
js:406:41)
    at error (file:///C:/U
sers/user/OneDrive/Desktop
/Over/campusShare/client/n
ode_modules/rollup/dist/es
/shared/parseAst.js:402:42
)
    at Module.error (file:
///C:/Users/user/OneDrive/
Desktop/Over/campusShare/c
lient/node_modules/rollup/
dist/es/shared/node-entry.
js:17065:16)
    at 
Module.traceVariable (file
:///C:/Users/user/OneDrive
/Desktop/Over/campusShare/
client/node_modules/rollup
/dist/es/shared/node-entry
.js:17477:29)
    at 
ModuleScope.findVariable (
file:///C:/Users/user/OneD
rive/Desktop/Over/campusSh
are/client/node_modules/ro
llup/dist/es/shared/node-e
ntry.js:15090:39)
    at ReturnValueScope.fi
ndVariable (file:///C:/Use
rs/user/OneDrive/Desktop/O
ver/campusShare/client/nod
e_modules/rollup/dist/es/s
hared/node-entry.js:5676:3
8)
    at FunctionBodyScope.f
indVariable (file:///C:/Us
ers/user/OneDrive/Desktop/
Over/campusShare/client/no
de_modules/rollup/dist/es/
shared/node-entry.js:5676:
38)
    at Identifier.bind (fi
le:///C:/Users/user/OneDri
ve/Desktop/Over/campusShar
e/client/node_modules/roll
up/dist/es/shared/node-ent
ry.js:5450:40)
    at 
CallExpression.bind (file:
///C:/Users/user/OneDrive/
Desktop/Over/campusShare/c
lient/node_modules/rollup/
dist/es/shared/node-entry.
js:2828:28)
    at 
CallExpression.bind (file:
///C:/Users/user/OneDrive/
Desktop/Over/campusShare/c
lient/node_modules/rollup/
dist/es/shared/node-entry.
js:12199:15)[39m
